******************************************************************************
                  TI ARM Linker Unix v18.1.2                   
******************************************************************************
>> Linked Sun Jul  1 17:09:37 2018

OUTPUT FILE NAME:   <Sound-Visualizer.out>
ENTRY POINT SYMBOL: "_c_int00_noargs"  address: 000022c5


MEMORY CONFIGURATION

         name            origin    length      used     unused   attr    fill
----------------------  --------  ---------  --------  --------  ----  --------
  MAIN                  00000000   00040000  00002bf8  0003d408  R  X
  INFO                  00200000   00004000  00000000  00004000  R  X
  SRAM_CODE             01000000   00010000  00000000  00010000  RW X
  SRAM_DATA             20000000   00010000  000002a4  0000fd5c  RW  


SEGMENT ALLOCATION MAP

run origin  load origin   length   init length attrs members
----------  ----------- ---------- ----------- ----- -------
00000000    00000000    00002bf8   00002bf8    r-x
  00000000    00000000    00000140   00000140    r-- .intvecs
  00000140    00000140    0000226e   0000226e    r-x .text
  000023ae    000023ae    000007e2   000007e2    r-- .const
  00002b90    00002b90    00000068   00000068    r-- .cinit
20000000    20000000    000000a4   00000000    rw-
  20000000    20000000    00000058   00000000    rw- .bss
  20000058    20000058    0000004c   00000000    rw- .data
2000fe00    2000fe00    00000200   00000000    rw-
  2000fe00    2000fe00    00000200   00000000    rw- .stack


SECTION ALLOCATION MAP

 output                                  attributes/
section   page    origin      length       input sections
--------  ----  ----------  ----------   ----------------
.intvecs   0    00000000    00000140     
                  00000000    00000140     startup_msp432p401r_ccs.obj (.intvecs:retain)

.text      0    00000140    0000226e     
                  00000140    00001378     ST7735.obj (.text)
                  000014b8    000004f8     main.obj (.text)
                  000019b0    00000328     system_msp432p401r.obj (.text)
                  00001cd8    00000120     ADC14.obj (.text)
                  00001df8    000000fc     rtsv7M4_T_le_v4SPD16_eabi.lib : fd_mul_t2.asm.obj (.text)
                  00001ef4    000000c0     LCD.obj (.text)
                  00001fb4    0000009c     msp432p4xx_driverlib.lib : cs.o (.text:CS_startHFXTWithTimeout)
                  00002050    0000009c     rtsv7M4_T_le_v4SPD16_eabi.lib : memcpy_t2.asm.obj (.text)
                  000020ec    00000070     msp432p4xx_driverlib.lib : cs.o (.text:_CSGetHFXTFrequency)
                  0000215c    0000006e     rtsv7M4_T_le_v4SPD16_eabi.lib : fd_tos_t2.asm.obj (.text)
                  000021ca    00000068                                   : copy_decompress_lzss.c.obj (.text:decompress:lzss:__TI_decompress_lzss)
                  00002232    00000002     --HOLE-- [fill = 0]
                  00002234    0000004c     msp432p4xx_driverlib.lib : gpio.o (.text:GPIO_setAsPeripheralModuleFunctionOutputPin)
                  00002280    00000044     rtsv7M4_T_le_v4SPD16_eabi.lib : autoinit.c.obj (.text:__TI_auto_init_nobinit_nopinit:__TI_auto_init_nobinit_nopinit)
                  000022c4    00000038                                   : boot_cortex_m.c.obj (.text:_c_int00_noargs:_c_int00_noargs)
                  000022fc    0000002e                                   : i_tofd_t2.asm.obj (.text)
                  0000232a    00000002     --HOLE-- [fill = 0]
                  0000232c    00000014     msp432p4xx_driverlib.lib : cs.o (.text:CS_setExternalClockSourceFrequency)
                  00002340    00000012     rtsv7M4_T_le_v4SPD16_eabi.lib : copy_zero_init.c.obj (.text:decompress:ZI:__TI_zero_init_nomemset:__TI_zero_init_nomemset)
                  00002352    00000012     startup_msp432p401r_ccs.obj (.text)
                  00002364    00000010     msp432p4xx_driverlib.lib : sysctl.o (.text:SysCtl_disableNMISource)
                  00002374    00000010                              : sysctl.o (.text:SysCtl_enableNMISource)
                  00002384    0000000e     rtsv7M4_T_le_v4SPD16_eabi.lib : copy_decompress_none.c.obj (.text:decompress:none:__TI_decompress_none)
                  00002392    00000002     --HOLE-- [fill = 0]
                  00002394    0000000c     msp432p4xx_driverlib.lib : sysctl.o (.text:SysCtl_getNMISourceStatus)
                  000023a0    00000006                              : cs.o (.text:CS_startHFXT)
                  000023a6    00000004     rtsv7M4_T_le_v4SPD16_eabi.lib : pre_init.c.obj (.text:_system_pre_init)
                  000023aa    00000004                                   : exit.c.obj (.text:abort:abort)

.const     0    000023ae    000007e2     
                  000023ae    000004fb     ST7735.obj (.const:.string:Font)
                  000028a9    00000200     ST7735.obj (.const:.string:dBfs)
                  00002aa9    00000067     ST7735.obj (.const:.string:Bcmd)
                  00002b10    0000003b     ST7735.obj (.const:.string:Rcmd1)
                  00002b4b    0000002b     ST7735.obj (.const:.string:Rcmd3)
                  00002b76    0000000d     ST7735.obj (.const:.string:Rcmd2green)
                  00002b83    0000000d     ST7735.obj (.const:.string:Rcmd2red)

.cinit     0    00002b90    00000068     
                  00002b90    0000003f     (.cinit..data.load) [load image, compression = lzss]
                  00002bcf    00000001     --HOLE-- [fill = 0]
                  00002bd0    0000000c     (__TI_handler_table)
                  00002bdc    00000004     --HOLE-- [fill = 0]
                  00002be0    00000008     (.cinit..bss.load) [load image, compression = zero_init]
                  00002be8    00000010     (__TI_cinit_table)

.init_array 
*          0    00000000    00000000     UNINITIALIZED

.bss       0    20000000    00000058     UNINITIALIZED
                  20000000    0000002c     (.common:sounds)
                  2000002c    0000000c     (.common:Message)
                  20000038    00000004     ST7735.obj (.bss)
                  2000003c    00000004     (.common:Messageindex)
                  20000040    00000004     (.common:X)
                  20000044    00000004     (.common:Ymax)
                  20000048    00000004     (.common:Ymin)
                  2000004c    00000004     (.common:Yrange)
                  20000050    00000004     (.common:hfxtFreq)
                  20000054    00000004     (.common:lfxtFreq)

.data      0    20000058    0000004c     UNINITIALIZED
                  20000058    00000030     msp432p4xx_driverlib.lib : gpio.o (.data:GPIO_PORT_TO_BASE)
                  20000088    00000014     ST7735.obj (.data)
                  2000009c    00000004     ADC14.obj (.data)
                  200000a0    00000004     system_msp432p401r.obj (.data)

.stack     0    2000fe00    00000200     UNINITIALIZED
                  2000fe00    00000004     rtsv7M4_T_le_v4SPD16_eabi.lib : boot_cortex_m.c.obj (.stack)
                  2000fe04    000001fc     --HOLE--

MODULE SUMMARY

       Module                        code   ro data   rw data
       ------                        ----   -------   -------
    ./
       ST7735.obj                    4984   2018      56     
       main.obj                      1272   0         0      
       system_msp432p401r.obj        808    0         4      
       startup_msp432p401r_ccs.obj   18     320       0      
       ADC14.obj                     288    0         48     
       LCD.obj                       192    0         0      
    +--+-----------------------------+------+---------+---------+
       Total:                        7562   2338      108    
                                                             
    /Applications/ti/ccsv8/tools/compiler/ti-cgt-arm_18.1.2.LTS/lib/rtsv7M4_T_le_v4SPD16_eabi.lib
       fd_mul_t2.asm.obj             252    0         0      
       memcpy_t2.asm.obj             156    0         0      
       fd_tos_t2.asm.obj             110    0         0      
       copy_decompress_lzss.c.obj    104    0         0      
       autoinit.c.obj                68     0         0      
       boot_cortex_m.c.obj           56     0         0      
       i_tofd_t2.asm.obj             46     0         0      
       copy_zero_init.c.obj          18     0         0      
       copy_decompress_none.c.obj    14     0         0      
       exit.c.obj                    4      0         0      
       pre_init.c.obj                4      0         0      
    +--+-----------------------------+------+---------+---------+
       Total:                        832    0         0      
                                                             
    /Applications/ti/msp/MSP432Ware_3_50_00_02/driverlib/driverlib/MSP432P4xx/ccs/msp432p4xx_driverlib.lib
       cs.o                          294    0         8      
       gpio.o                        76     0         48     
       sysctl.o                      44     0         0      
    +--+-----------------------------+------+---------+---------+
       Total:                        414    0         56     
                                                             
       Stack:                        0      0         512    
       Linker Generated:             0      99        0      
    +--+-----------------------------+------+---------+---------+
       Grand Total:                  8808   2437      676    


LINKER GENERATED COPY TABLES

__TI_cinit_table @ 00002be8 records: 2, size/record: 8, table size: 16
	.data: load addr=00002b90, load size=0000003f bytes, run addr=20000058, run size=0000004c bytes, compression=lzss
	.bss: load addr=00002be0, load size=00000008 bytes, run addr=20000000, run size=00000058 bytes, compression=zero_init


LINKER GENERATED HANDLER TABLE

__TI_handler_table @ 00002bd0 records: 3, size/record: 4, table size: 12
	index: 0, handler: __TI_decompress_lzss
	index: 1, handler: __TI_decompress_none
	index: 2, handler: __TI_zero_init


GLOBAL SYMBOLS: SORTED ALPHABETICALLY BY Name 

address   name                                       
-------   ----                                       
00001d6b  ADC14_IRQHandler                           
000023ab  C$$EXIT                                    
0000232d  CS_setExternalClockSourceFrequency         
000023a1  CS_startHFXT                               
00001fb5  CS_startHFXTWithTimeout                    
000001b7  Delay1ms                                   
00002235  GPIO_setAsPeripheralModuleFunctionOutputPin
00001ef5  LCD_ClockInit48Mhz                         
2000002c  Message                                    
2000003c  Messageindex                               
00001457  Output_Clear                               
00001471  Output_Color                               
00001447  Output_Init                                
00001461  Output_Off                                 
00001469  Output_On                                  
00000775  ST7735_Color565                            
000007d9  ST7735_DrawBitmap                          
00000b4d  ST7735_DrawChar                            
000009d7  ST7735_DrawCharS                           
00000571  ST7735_DrawFastHLine                       
000004b3  ST7735_DrawFastVLine                       
00000459  ST7735_DrawPixel                           
00000cbb  ST7735_DrawString                          
00000669  ST7735_FillRect                            
00000625  ST7735_FillScreen                          
00000327  ST7735_InitB                               
00000347  ST7735_InitR                               
00000eef  ST7735_InvertDisplay                       
0000132d  ST7735_OutChar                             
000013e9  ST7735_OutString                           
00000da9  ST7735_OutUDec                             
00001239  ST7735_PlotBar                             
00000f07  ST7735_PlotClear                           
00001029  ST7735_PlotLine                            
000012d9  ST7735_PlotNext                            
000012f3  ST7735_PlotNextErase                       
00000f63  ST7735_PlotPoint                           
00001163  ST7735_PlotPoints                          
0000128f  ST7735_PlotdBfs                            
00000d83  ST7735_SetCursor                           
00000e25  ST7735_SetRotation                         
00001407  ST7735_SetTextColor                        
000007a9  ST7735_SwapColor                           
20000090  StTextColor                                
20000088  StX                                        
2000008c  StY                                        
00002365  SysCtl_disableNMISource                    
00002375  SysCtl_enableNMISource                     
00002395  SysCtl_getNMISourceStatus                  
200000a0  SystemCoreClock                            
000019b1  SystemCoreClockUpdate                      
00001c25  SystemInit                                 
4000480c  WDTCTL_SYM                                 
20000040  X                                          
20000044  Ymax                                       
20000048  Ymin                                       
2000004c  Yrange                                     
20010000  __STACK_END                                
00000200  __STACK_SIZE                               
00002be8  __TI_CINIT_Base                            
00002bf8  __TI_CINIT_Limit                           
00002bd0  __TI_Handler_Table_Base                    
00002bdc  __TI_Handler_Table_Limit                   
00002281  __TI_auto_init_nobinit_nopinit             
000021cb  __TI_decompress_lzss                       
00002385  __TI_decompress_none                       
ffffffff  __TI_pprof_out_hndl                        
ffffffff  __TI_prof_data_size                        
ffffffff  __TI_prof_data_start                       
00000000  __TI_static_base__                         
00002341  __TI_zero_init_nomemset                    
0000215d  __aeabi_d2f                                
00001df9  __aeabi_dmul                               
000022fd  __aeabi_i2d                                
00002051  __aeabi_memcpy                             
00002051  __aeabi_memcpy4                            
00002051  __aeabi_memcpy8                            
ffffffff  __binit__                                  
ffffffff  __c_args__                                 
UNDEFED   __mpu_init                                 
2000fe00  __stack                                    
000022c5  _c_int00_noargs                            
UNDEFED   _system_post_cinit                         
000023a7  _system_pre_init                           
000023ab  abort                                      
ffffffff  binit                                      
2000009c  counter                                    
000028a9  dBfs                                       
00001439  ferror                                     
0000142d  fgetc                                      
00000d41  fillmessage                                
0000141b  fputc                                      
00000000  interruptVectors                           
20000098  lastj                                      
000014b9  main                                       
00002051  memcpy                                     
00001cd9  microPhoneADC14Init                        
000001a9  parrotdelay                                
20000000  sounds                                     


GLOBAL SYMBOLS: SORTED BY Symbol Address 

address   name                                       
-------   ----                                       
00000000  __TI_static_base__                         
00000000  interruptVectors                           
000001a9  parrotdelay                                
000001b7  Delay1ms                                   
00000200  __STACK_SIZE                               
00000327  ST7735_InitB                               
00000347  ST7735_InitR                               
00000459  ST7735_DrawPixel                           
000004b3  ST7735_DrawFastVLine                       
00000571  ST7735_DrawFastHLine                       
00000625  ST7735_FillScreen                          
00000669  ST7735_FillRect                            
00000775  ST7735_Color565                            
000007a9  ST7735_SwapColor                           
000007d9  ST7735_DrawBitmap                          
000009d7  ST7735_DrawCharS                           
00000b4d  ST7735_DrawChar                            
00000cbb  ST7735_DrawString                          
00000d41  fillmessage                                
00000d83  ST7735_SetCursor                           
00000da9  ST7735_OutUDec                             
00000e25  ST7735_SetRotation                         
00000eef  ST7735_InvertDisplay                       
00000f07  ST7735_PlotClear                           
00000f63  ST7735_PlotPoint                           
00001029  ST7735_PlotLine                            
00001163  ST7735_PlotPoints                          
00001239  ST7735_PlotBar                             
0000128f  ST7735_PlotdBfs                            
000012d9  ST7735_PlotNext                            
000012f3  ST7735_PlotNextErase                       
0000132d  ST7735_OutChar                             
000013e9  ST7735_OutString                           
00001407  ST7735_SetTextColor                        
0000141b  fputc                                      
0000142d  fgetc                                      
00001439  ferror                                     
00001447  Output_Init                                
00001457  Output_Clear                               
00001461  Output_Off                                 
00001469  Output_On                                  
00001471  Output_Color                               
000014b9  main                                       
000019b1  SystemCoreClockUpdate                      
00001c25  SystemInit                                 
00001cd9  microPhoneADC14Init                        
00001d6b  ADC14_IRQHandler                           
00001df9  __aeabi_dmul                               
00001ef5  LCD_ClockInit48Mhz                         
00001fb5  CS_startHFXTWithTimeout                    
00002051  __aeabi_memcpy                             
00002051  __aeabi_memcpy4                            
00002051  __aeabi_memcpy8                            
00002051  memcpy                                     
0000215d  __aeabi_d2f                                
000021cb  __TI_decompress_lzss                       
00002235  GPIO_setAsPeripheralModuleFunctionOutputPin
00002281  __TI_auto_init_nobinit_nopinit             
000022c5  _c_int00_noargs                            
000022fd  __aeabi_i2d                                
0000232d  CS_setExternalClockSourceFrequency         
00002341  __TI_zero_init_nomemset                    
00002365  SysCtl_disableNMISource                    
00002375  SysCtl_enableNMISource                     
00002385  __TI_decompress_none                       
00002395  SysCtl_getNMISourceStatus                  
000023a1  CS_startHFXT                               
000023a7  _system_pre_init                           
000023ab  C$$EXIT                                    
000023ab  abort                                      
000028a9  dBfs                                       
00002bd0  __TI_Handler_Table_Base                    
00002bdc  __TI_Handler_Table_Limit                   
00002be8  __TI_CINIT_Base                            
00002bf8  __TI_CINIT_Limit                           
20000000  sounds                                     
2000002c  Message                                    
2000003c  Messageindex                               
20000040  X                                          
20000044  Ymax                                       
20000048  Ymin                                       
2000004c  Yrange                                     
20000088  StX                                        
2000008c  StY                                        
20000090  StTextColor                                
20000098  lastj                                      
2000009c  counter                                    
200000a0  SystemCoreClock                            
2000fe00  __stack                                    
20010000  __STACK_END                                
4000480c  WDTCTL_SYM                                 
ffffffff  __TI_pprof_out_hndl                        
ffffffff  __TI_prof_data_size                        
ffffffff  __TI_prof_data_start                       
ffffffff  __binit__                                  
ffffffff  __c_args__                                 
ffffffff  binit                                      
UNDEFED   __mpu_init                                 
UNDEFED   _system_post_cinit                         

[99 symbols]
